###############################################################################
#
# IAR ELF Linker V7.20.1.7305/W32 for ARM                 20/Mar/2015  11:37:53
# Copyright 2007-2014 IAR Systems AB.
#
#    Output file  =  
#        C:\StellarisWare\boards\ek-lm3s8962\RoboSlaveSide\FreeRTOS\Demo\CORTEX_LM3Sxxxx_IAR_Keil\Debug\Exe\RTOSDemo.out
#    Map file     =  
#        C:\StellarisWare\boards\ek-lm3s8962\RoboSlaveSide\FreeRTOS\Demo\CORTEX_LM3Sxxxx_IAR_Keil\Debug\List\RTOSDemo.map
#    Command line =  
#        C:\StellarisWare\boards\ek-lm3s8962\RoboSlaveSide\FreeRTOS\Demo\CORTEX_LM3Sxxxx_IAR_Keil\Debug\Obj\common.o
#        C:\StellarisWare\boards\ek-lm3s8962\RoboSlaveSide\FreeRTOS\Demo\CORTEX_LM3Sxxxx_IAR_Keil\Debug\Obj\croutine.o
#        C:\StellarisWare\driverlib\ewarm-cm3\Exe\driverlib-cm3.a
#        C:\StellarisWare\boards\ek-lm3s8962\RoboSlaveSide\FreeRTOS\Demo\CORTEX_LM3Sxxxx_IAR_Keil\Debug\Obj\event_groups.o
#        C:\StellarisWare\boards\ek-lm3s8962\RoboSlaveSide\FreeRTOS\Demo\CORTEX_LM3Sxxxx_IAR_Keil\Debug\Obj\formike128x128x16.o
#        C:\StellarisWare\boards\ek-lm3s8962\RoboSlaveSide\FreeRTOS\Demo\Common\drivers\LuminaryMicro\IAR\grlib.a
#        C:\StellarisWare\boards\ek-lm3s8962\RoboSlaveSide\FreeRTOS\Demo\CORTEX_LM3Sxxxx_IAR_Keil\Debug\Obj\heap_4.o
#        C:\StellarisWare\boards\ek-lm3s8962\RoboSlaveSide\FreeRTOS\Demo\CORTEX_LM3Sxxxx_IAR_Keil\Debug\Obj\keypad.o
#        C:\StellarisWare\boards\ek-lm3s8962\RoboSlaveSide\FreeRTOS\Demo\CORTEX_LM3Sxxxx_IAR_Keil\Debug\Obj\list.o
#        C:\StellarisWare\boards\ek-lm3s8962\RoboSlaveSide\FreeRTOS\Demo\CORTEX_LM3Sxxxx_IAR_Keil\Debug\Obj\main.o
#        C:\StellarisWare\boards\ek-lm3s8962\RoboSlaveSide\FreeRTOS\Demo\CORTEX_LM3Sxxxx_IAR_Keil\Debug\Obj\motor.o
#        C:\StellarisWare\boards\ek-lm3s8962\RoboSlaveSide\FreeRTOS\Demo\CORTEX_LM3Sxxxx_IAR_Keil\Debug\Obj\osram128x64x4.o
#        C:\StellarisWare\boards\ek-lm3s8962\RoboSlaveSide\FreeRTOS\Demo\CORTEX_LM3Sxxxx_IAR_Keil\Debug\Obj\port.o
#        C:\StellarisWare\boards\ek-lm3s8962\RoboSlaveSide\FreeRTOS\Demo\CORTEX_LM3Sxxxx_IAR_Keil\Debug\Obj\portasm.o
#        C:\StellarisWare\boards\ek-lm3s8962\RoboSlaveSide\FreeRTOS\Demo\CORTEX_LM3Sxxxx_IAR_Keil\Debug\Obj\queue.o
#        C:\StellarisWare\boards\ek-lm3s8962\RoboSlaveSide\FreeRTOS\Demo\CORTEX_LM3Sxxxx_IAR_Keil\Debug\Obj\rit128x96x4.o
#        C:\StellarisWare\boards\ek-lm3s8962\RoboSlaveSide\FreeRTOS\Demo\CORTEX_LM3Sxxxx_IAR_Keil\Debug\Obj\startup_ewarm.o
#        C:\StellarisWare\boards\ek-lm3s8962\RoboSlaveSide\FreeRTOS\Demo\CORTEX_LM3Sxxxx_IAR_Keil\Debug\Obj\tasks.o
#        C:\StellarisWare\boards\ek-lm3s8962\RoboSlaveSide\FreeRTOS\Demo\CORTEX_LM3Sxxxx_IAR_Keil\Debug\Obj\TimerHandler.o
#        C:\StellarisWare\boards\ek-lm3s8962\RoboSlaveSide\FreeRTOS\Demo\CORTEX_LM3Sxxxx_IAR_Keil\Debug\Obj\timers.o
#        C:\StellarisWare\boards\ek-lm3s8962\RoboSlaveSide\FreeRTOS\Demo\CORTEX_LM3Sxxxx_IAR_Keil\Debug\Obj\UART.o
#        --redirect _Printf=_PrintfSmall --redirect _Scanf=_ScanfSmall -o
#        C:\StellarisWare\boards\ek-lm3s8962\RoboSlaveSide\FreeRTOS\Demo\CORTEX_LM3Sxxxx_IAR_Keil\Debug\Exe\RTOSDemo.out
#        --map
#        C:\StellarisWare\boards\ek-lm3s8962\RoboSlaveSide\FreeRTOS\Demo\CORTEX_LM3Sxxxx_IAR_Keil\Debug\List\RTOSDemo.map
#        --config
#        C:\StellarisWare\boards\ek-lm3s8962\RoboSlaveSide\FreeRTOS\Demo\CORTEX_LM3Sxxxx_IAR_Keil\LM3Sxxxx.icf
#        C:\StellarisWare\boards\ek-lm3s8962\RoboSlaveSide\FreeRTOS\Demo\CORTEX_LM3Sxxxx_IAR_Keil\..\Common\drivers\LuminaryMicro\IAR\driverlib.a
#        C:\StellarisWare\boards\ek-lm3s8962\RoboSlaveSide\FreeRTOS\Demo\CORTEX_LM3Sxxxx_IAR_Keil\..\Common\drivers\LuminaryMicro\IAR\grlib.a
#        --entry __iar_program_start --vfe
#
###############################################################################

*******************************************************************************
*** RUNTIME MODEL ATTRIBUTES
***

CppFlavor       = *
__SystemLibrary = DLib


*******************************************************************************
*** PLACEMENT SUMMARY
***

"A1":  place at start of [0x00000000-0x0003ffff] { ro section .intvec };
"P1":  place in [from 0x00000000 to 0x0003ffff] { ro };
"P2":  place in [from 0x20000000 to 0x2000ffff] { rw, block HEAP };

  Section            Kind        Address    Size  Object
  -------            ----        -------    ----  ------
"A1":                                      0x100
  .intvec            const    0x00000000   0x100  startup_ewarm.o [1]
                            - 0x00000100   0x100

"P1":                                     0x4c1c
  .text              ro code  0x00000100   0xe98  motor.o [1]
  .text              ro code  0x00000f98   0x3f8  sysctl.o [4]
  .text              ro code  0x00001390   0x116  gpio.o [4]
  .text              ro code  0x000014a6    0x2e  copy_init3.o [6]
  .text              ro code  0x000014d4    0x7e  pwm.o [4]
  .text              ro code  0x00001552    0x22  zero_init3.o [6]
  .text              ro code  0x00001574   0x734  queue.o [1]
  .text              ro code  0x00001ca8   0x340  rit128x96x4.o [1]
  .text              ro code  0x00001fe8   0xe04  tasks.o [1]
  .text              ro code  0x00002dec    0xa6  common.o [1]
  .text              ro code  0x00002e92     0x6  startup_ewarm.o [1]
  .text              ro code  0x00002e98   0x50a  main.o [1]
  .rodata            const    0x000033a2     0x2  rit128x96x4.o [1]
  .text              ro code  0x000033a4   0x1d0  port.o [1]
  .text              ro code  0x00003574    0x98  list.o [1]
  .text              ro code  0x0000360c   0x240  heap_4.o [1]
  CODE               ro code  0x0000384c    0x94  portasm.o [1]
  .text              ro code  0x000038e0    0x76  ABImemcpy_unaligned.o [6]
  .rodata            const    0x00003956     0x2  rit128x96x4.o [1]
  .text              ro code  0x00003958    0x86  ssi.o [4]
  .text              ro code  0x000039e0   0x3e4  timers.o [1]
  .text              ro code  0x00003dc4    0x62  memcmp_unaligned.o [6]
  .text              ro code  0x00003e28    0x66  ABImemset.o [6]
  .text              ro code  0x00003e90    0xe0  UART.o [1]
  .text              ro code  0x00003f70   0x260  TimerHandler.o [1]
  .text              ro code  0x000041d0    0x42  strcmp_unaligned.o [6]
  .text              ro code  0x00004214    0x56  timer.o [4]
  .text              ro code  0x0000426c   0x134  interrupt.o [4]
  .text              ro code  0x000043a0    0x1c  adc.o [4]
  .text              ro code  0x000043bc    0x28  keypad.o [1]
  .rodata            const    0x000043e4   0x200  common.o [1]
  .rodata            const    0x000045e4   0x1e0  rit128x96x4.o [1]
  .rodata            const    0x000047c4    0x60  main.o [1]
  .rodata            const    0x00004824    0x60  port.o [1]
  .rodata            const    0x00004884    0x5c  heap_4.o [1]
  .rodata            const    0x000048e0    0x50  rit128x96x4.o [1]
  .rodata            const    0x00004930    0x4c  queue.o [1]
  .rodata            const    0x0000497c    0x4c  tasks.o [1]
  .rodata            const    0x000049c8    0x4c  timers.o [1]
  .text              ro code  0x00004a14    0x28  data_init.o [6]
  .iar.init_table    const    0x00004a3c    0x24  - Linker created -
  .text              ro code  0x00004a60    0x1a  cmain.o [6]
  .text              ro code  0x00004a7a     0x4  low_level_init.o [3]
  .text              ro code  0x00004a7e     0x4  exit.o [3]
  .text              ro code  0x00004a84     0xa  cexit.o [6]
  .text              ro code  0x00004a90     0xc  XXexit.o [6]
  .rodata            const    0x00004a9c    0x18  main.o [1]
  .rodata            const    0x00004ab4    0x18  motor.o [1]
  .rodata            const    0x00004acc    0x18  motor.o [1]
  .rodata            const    0x00004ae4    0x18  motor.o [1]
  .rodata            const    0x00004afc    0x14  tasks.o [1]
  .rodata            const    0x00004b10    0x14  TimerHandler.o [1]
  .rodata            const    0x00004b24    0x10  motor.o [1]
  .rodata            const    0x00004b34    0x10  motor.o [1]
  .rodata            const    0x00004b44    0x10  motor.o [1]
  .rodata            const    0x00004b54    0x10  motor.o [1]
  .rodata            const    0x00004b64    0x10  motor.o [1]
  .rodata            const    0x00004b74    0x10  motor.o [1]
  .rodata            const    0x00004b84    0x10  motor.o [1]
  .rodata            const    0x00004b94    0x10  motor.o [1]
  .rodata            const    0x00004ba4    0x10  motor.o [1]
  .rodata            const    0x00004bb4    0x10  motor.o [1]
  .rodata            const    0x00004bc4    0x10  motor.o [1]
  .rodata            const    0x00004bd4    0x10  motor.o [1]
  .rodata            const    0x00004be4    0x10  motor.o [1]
  .rodata            const    0x00004bf4     0xc  motor.o [1]
  .rodata            const    0x00004c00     0xc  motor.o [1]
  .rodata            const    0x00004c0c     0xc  motor.o [1]
  .rodata            const    0x00004c18     0xc  motor.o [1]
  .rodata            const    0x00004c24     0xc  UART.o [1]
  .text              ro code  0x00004c30     0xc  cstartup_M.o [6]
  .rodata            const    0x00004c3c     0x8  main.o [1]
  .rodata            const    0x00004c44     0x8  main.o [1]
  .rodata            const    0x00004c4c     0x8  main.o [1]
  .rodata            const    0x00004c54     0x8  main.o [1]
  .rodata            const    0x00004c5c     0x8  main.o [1]
  .rodata            const    0x00004c64     0x8  motor.o [1]
  .rodata            const    0x00004c6c     0x8  motor.o [1]
  .rodata            const    0x00004c74     0x8  motor.o [1]
  .rodata            const    0x00004c7c     0x8  motor.o [1]
  .rodata            const    0x00004c84     0x8  motor.o [1]
  .rodata            const    0x00004c8c     0x8  tasks.o [1]
  .rodata            const    0x00004c94     0x8  timers.o [1]
  .rodata            const    0x00004c9c     0x8  timers.o [1]
  .rodata            const    0x00004ca4     0x8  UART.o [1]
  .rodata            const    0x00004cac     0x8  UART.o [1]
  .rodata            const    0x00004cb4     0x4  heap_4.o [1]
  .rodata            const    0x00004cb8     0x4  motor.o [1]
  .rodata            const    0x00004cbc     0x4  motor.o [1]
  .rodata            const    0x00004cc0     0x4  motor.o [1]
  .rodata            const    0x00004cc4     0x4  motor.o [1]
  .rodata            const    0x00004cc8     0x4  motor.o [1]
  .rodata            const    0x00004ccc     0x4  motor.o [1]
  .rodata            const    0x00004cd0     0x4  motor.o [1]
  .rodata            const    0x00004cd4     0x4  motor.o [1]
  .rodata            const    0x00004cd8     0x4  port.o [1]
  .rodata            const    0x00004cdc     0x4  rit128x96x4.o [1]
  .rodata            const    0x00004ce0     0x4  rit128x96x4.o [1]
  .rodata            const    0x00004ce4     0x0  zero_init3.o [6]
  .rodata            const    0x00004ce4     0x0  copy_init3.o [6]
  Initializer bytes  ro data  0x00004ce4    0x38  <for P2 s0>
                            - 0x00004d1c  0x4c1c

"P2":                                     0x6220
  P2 s0                       0x20000000    0x38  <Init block>
    .data            inited   0x20000000    0x24  motor.o [1]
    .data            inited   0x20000024     0x8  main.o [1]
    .data            inited   0x2000002c     0x4  port.o [1]
    .data            inited   0x20000030     0x4  tasks.o [1]
    .data            inited   0x20000034     0x1  main.o [1]
  .bss               zero     0x20000038  0x5dc0  heap_4.o [1]
  .bss               zero     0x20005df8    0x64  tasks.o [1]
  .bss               zero     0x20005e5c    0x50  queue.o [1]
  .bss               zero     0x20005eac    0x14  tasks.o [1]
  .bss               zero     0x20005ec0    0x14  tasks.o [1]
  .bss               zero     0x20005ed4    0x14  tasks.o [1]
  .bss               zero     0x20005ee8    0x14  tasks.o [1]
  .bss               zero     0x20005efc    0x14  tasks.o [1]
  .bss               zero     0x20005f10    0x14  timers.o [1]
  .bss               zero     0x20005f24    0x14  timers.o [1]
  .bss               zero     0x20005f38    0x10  main.o [1]
  .bss               zero     0x20005f48    0x10  TimerHandler.o [1]
  .bss               zero     0x20005f58     0x8  common.o [1]
  .bss               zero     0x20005f60     0x8  heap_4.o [1]
  .bss               zero     0x20005f68     0x8  main.o [1]
  .bss               zero     0x20005f70     0x8  main.o [1]
  .bss               zero     0x20005f78     0x8  rit128x96x4.o [1]
  .bss               zero     0x20005f80     0x8  TimerHandler.o [1]
  .bss               zero     0x20005f88     0x8  TimerHandler.o [1]
  .bss               zero     0x20005f90     0x4  common.o [1]
  .bss               zero     0x20005f94     0x4  common.o [1]
  .bss               zero     0x20005f98     0x4  common.o [1]
  .bss               zero     0x20005f9c     0x4  common.o [1]
  .bss               zero     0x20005fa0     0x4  common.o [1]
  .bss               zero     0x20005fa4     0x4  common.o [1]
  .bss               zero     0x20005fa8     0x4  common.o [1]
  .bss               zero     0x20005fac     0x4  common.o [1]
  .bss               zero     0x20005fb0     0x4  common.o [1]
  .bss               zero     0x20005fb4     0x4  common.o [1]
  .bss               zero     0x20005fb8     0x4  heap_4.o [1]
  .bss               zero     0x20005fbc     0x4  heap_4.o [1]
  .bss               zero     0x20005fc0     0x4  heap_4.o [1]
  .bss               zero     0x20005fc4     0x4  heap_4.o [1]
  .bss               zero     0x20005fc8     0x4  main.o [1]
  .bss               zero     0x20005fcc     0x4  main.o [1]
  .bss               zero     0x20005fd0     0x4  port.o [1]
  .bss               zero     0x20005fd4     0x4  rit128x96x4.o [1]
  .bss               zero     0x20005fd8     0x4  rit128x96x4.o [1]
  .bss               zero     0x20005fdc     0x4  rit128x96x4.o [1]
  .bss               zero     0x20005fe0     0x4  rit128x96x4.o [1]
  .bss               zero     0x20005fe4     0x4  tasks.o [1]
  .bss               zero     0x20005fe8     0x4  tasks.o [1]
  .bss               zero     0x20005fec     0x4  tasks.o [1]
  .bss               zero     0x20005ff0     0x4  tasks.o [1]
  .bss               zero     0x20005ff4     0x4  tasks.o [1]
  .bss               zero     0x20005ff8     0x4  tasks.o [1]
  .bss               zero     0x20005ffc     0x4  tasks.o [1]
  .bss               zero     0x20006000     0x4  tasks.o [1]
  .bss               zero     0x20006004     0x4  tasks.o [1]
  .bss               zero     0x20006008     0x4  tasks.o [1]
  .bss               zero     0x2000600c     0x4  tasks.o [1]
  .bss               zero     0x20006010     0x4  tasks.o [1]
  .bss               zero     0x20006014     0x4  tasks.o [1]
  .bss               zero     0x20006018     0x4  tasks.o [1]
  .bss               zero     0x2000601c     0x4  TimerHandler.o [1]
  .bss               zero     0x20006020     0x4  timers.o [1]
  .bss               zero     0x20006024     0x4  timers.o [1]
  .bss               zero     0x20006028     0x4  timers.o [1]
  .bss               zero     0x2000602c     0x4  timers.o [1]
  .bss               zero     0x20006030     0x4  timers.o [1]
  .bss               zero     0x20006034     0x2  main.o [1]
  .bss               zero     0x20006036     0x1  main.o [1]
  .bss               zero     0x20006037     0x1  motor.o [1]
  .bss               zero     0x20006038     0x1  motor.o [1]
  .bss               zero     0x20006039     0x1  motor.o [1]
  .bss               zero     0x2000603a     0x1  motor.o [1]
  .bss               zero     0x2000603b     0x1  motor.o [1]
  .bss               zero     0x2000603c     0x1  port.o [1]
  .bss               zero     0x2000603d     0x1  rit128x96x4.o [1]
  .bss               zero     0x2000603e     0x1  TimerHandler.o [1]
  .bss               zero     0x2000603f     0x1  TimerHandler.o [1]
  .noinit            uninit   0x20006040   0x1e0  startup_ewarm.o [1]
                            - 0x20006220  0x6220


*******************************************************************************
*** INIT TABLE
***

          Address     Size
          -------     ----
Zero (__iar_zero_init3)
    1 destination range, total size 0x6008:
          0x20000038  0x6008

Copy (__iar_copy_init3)
    1 source range, total size 0x38 (105% of destination):
          0x00004ce4    0x38
    1 destination range, total size 0x35:
          0x20000000    0x35



*******************************************************************************
*** MODULE SUMMARY
***

    Module                 ro code  ro data  rw data
    ------                 -------  -------  -------
C:\StellarisWare\boards\ek-lm3s8962\RoboSlaveSide\FreeRTOS\Demo\CORTEX_LM3Sxxxx_IAR_Keil\Debug\Obj: [1]
    TimerHandler.o             608       20       38
    UART.o                     224       28
    common.o                   166      512       48
    heap_4.o                   576       96   24 024
    keypad.o                    40
    list.o                     152
    main.o                   1 290      169       52
    motor.o                  3 736      436       41
    port.o                     464      104        9
    portasm.o                  148
    queue.o                  1 844       76       80
    rit128x96x4.o              832      572       25
    startup_ewarm.o              6      256      480
    tasks.o                  3 588      108      260
    timers.o                   996       92       60
    ------------------------------------------------
    Total:                  14 670    2 469   25 117

command line: [2]
    ------------------------------------------------
    Total:

dl7M_tln.a: [3]
    exit.o                       4
    low_level_init.o             4
    ------------------------------------------------
    Total:                       8

driverlib-cm3.a: [4]
    adc.o                       28
    gpio.o                     278
    interrupt.o                308
    pwm.o                      126
    ssi.o                      134
    sysctl.o                 1 016
    timer.o                     86
    ------------------------------------------------
    Total:                   1 976

grlib.a: [5]
    ------------------------------------------------
    Total:

rt7M_tl.a: [6]
    ABImemcpy_unaligned.o      118
    ABImemset.o                102
    XXexit.o                    12
    cexit.o                     10
    cmain.o                     26
    copy_init3.o                46
    cstartup_M.o                12
    data_init.o                 40
    memcmp_unaligned.o          98
    strcmp_unaligned.o          66
    zero_init3.o                34
    ------------------------------------------------
    Total:                     564

    Gaps                        14
    Linker created                       39
----------------------------------------------------
    Grand Total:            17 232    2 508   25 117


*******************************************************************************
*** ENTRY LIST
***

Entry                      Address    Size  Type      Object
-----                      -------    ----  ----      ------
?main                   0x00004a61          Code  Gb  cmain.o [6]
ADC0Init                0x00003fb1    0x54  Code  Gb  TimerHandler.o [1]
ADCHandle               0x20005fb0     0x4  Data  Gb  common.o [1]
ADCProcessorTrigger     0x000043a1    0x1c  Code  Gb  adc.o [4]
Directions              0x00000201    0x7c  Code  Gb  motor.o [1]
FaultISR                0x00002e95     0x2  Code  Lc  startup_ewarm.o [1]
GPIODirModeSet          0x00001391    0x28  Code  Gb  gpio.o [4]
GPIOPadConfigSet        0x000013b9    0x98  Code  Gb  gpio.o [4]
GPIOPinTypeGPIOOutput   0x0000145b     0xa  Code  Gb  gpio.o [4]
GPIOPinTypePWM          0x00001477    0x14  Code  Gb  gpio.o [4]
GPIOPinTypeSSI          0x00001493    0x14  Code  Gb  gpio.o [4]
GPIOPinWrite            0x00001451     0x6  Code  Gb  gpio.o [4]
IntDefaultHandler       0x00002e97     0x2  Code  Lc  startup_ewarm.o [1]
IntEnable               0x00004291    0x56  Code  Gb  interrupt.o [4]
IntPrioritySet          0x0000426d    0x24  Code  Gb  interrupt.o [4]
KeyHandle               0x20005fa8     0x4  Data  Gb  common.o [1]
LookupDistanceTable     0x00002dfb     0xc  Code  Gb  common.o [1]
MotorInit               0x00000101    0xb8  Code  Gb  motor.o [1]
NmiSR                   0x00002e93     0x2  Code  Lc  startup_ewarm.o [1]
OLEDMutex               0x20005fa4     0x4  Data  Gb  common.o [1]
Options                 0x0000027d   0x198  Code  Gb  motor.o [1]
PWMGenConfigure         0x000014d5    0x2c  Code  Gb  pwm.o [4]
PWMGenEnable            0x00001515     0x6  Code  Gb  pwm.o [4]
PWMGenPeriodSet         0x00001501    0x14  Code  Gb  pwm.o [4]
PWMOutputState          0x00001541    0x12  Code  Gb  pwm.o [4]
PWMPulseWidthSet        0x0000151b    0x1e  Code  Gb  pwm.o [4]
RIT128x96x4Clear        0x00001d37    0x4e  Code  Gb  rit128x96x4.o [1]
RIT128x96x4Enable       0x00001e63    0x54  Code  Gb  rit128x96x4.o [1]
RIT128x96x4Init         0x00001eb7    0xe8  Code  Gb  rit128x96x4.o [1]
RIT128x96x4StringDraw   0x00001d85    0xde  Code  Gb  rit128x96x4.o [1]
RITWriteCommand         0x00001ca9    0x44  Code  Lc  rit128x96x4.o [1]
RITWriteData            0x00001ced    0x4a  Code  Lc  rit128x96x4.o [1]
Region$$Table$$Base     0x00004a3c           --   Gb  - Linker created -
Region$$Table$$Limit    0x00004a60           --   Gb  - Linker created -
SSIConfigSetExpClk      0x00003959    0x46  Code  Gb  ssi.o [4]
SSIDataGet              0x000039c1     0xc  Code  Gb  ssi.o [4]
SSIDataGetNonBlocking   0x000039cd    0x12  Code  Gb  ssi.o [4]
SSIDataPut              0x000039b7     0xa  Code  Gb  ssi.o [4]
SSIDisable              0x000039ab     0xc  Code  Gb  ssi.o [4]
SSIEnable               0x0000399f     0xc  Code  Gb  ssi.o [4]
STOTHandle              0x20005fac     0x4  Data  Gb  common.o [1]
SysCtlClockGet          0x0000115f   0x158  Code  Gb  sysctl.o [4]
SysCtlClockSet          0x00001049   0x116  Code  Gb  sysctl.o [4]
SysCtlDelay             0x00001041     0x8  Code  Gb  sysctl.o [4]
SysCtlPeripheralEnable  0x00000ff7    0x1c  Code  Gb  sysctl.o [4]
SysCtlPeripheralPresent
                        0x00000f99    0x5e  Code  Gb  sysctl.o [4]
Timer0ADCIntHandler     0x00004005   0x110  Code  Gb  TimerHandler.o [1]
Timer0Init              0x00003f71    0x40  Code  Gb  TimerHandler.o [1]
Timer1KeyIntHandler     0x00004115    0x54  Code  Gb  TimerHandler.o [1]
TimerConfigure          0x00004221    0x26  Code  Gb  timer.o [4]
TimerEnable             0x00004215     0xc  Code  Gb  timer.o [4]
TimerIntClear           0x00004267     0x4  Code  Gb  timer.o [4]
TimerIntEnable          0x0000425d     0x4  Code  Gb  timer.o [4]
TimerLoadSet            0x0000424d    0x10  Code  Gb  timer.o [4]
UARTInit                0x00003e91    0x5c  Code  Gb  UART.o [1]
UART_InChar             0x00003eed    0x14  Code  Gb  UART.o [1]
UART_OutChar            0x00003f01    0x10  Code  Gb  UART.o [1]
UART_OutString          0x00003f11    0x16  Code  Gb  UART.o [1]
__aeabi_memset          0x00003e29          Code  Gb  ABImemset.o [6]
__as_entries_start      0xffffffff           --   Gb  command line/config [2]
__as_table_start        0xffffffff           --   Gb  command line/config [2]
__cmain                 0x00004a61          Code  Gb  cmain.o [6]
__exit                  0x00004a91          Code  Gb  XXexit.o [6]
__iar_Memset            0x00003e29          Code  Gb  ABImemset.o [6]
__iar_Memset_word       0x00003e31          Code  Gb  ABImemset.o [6]
__iar_copy_init3        0x000014a7    0x2e  Code  Gb  copy_init3.o [6]
__iar_data_init3        0x00004a15    0x28  Code  Gb  data_init.o [6]
__iar_program_start     0x00004c31          Code  Gb  cstartup_M.o [6]
__iar_strcmp            0x000041d1          Code  Gb  strcmp_unaligned.o [6]
__iar_unaligned___aeabi_memcpy
                        0x000038e1          Code  Gb  ABImemcpy_unaligned.o [6]
__iar_unaligned___aeabi_memcpy4
                        0x00003901          Code  Gb  ABImemcpy_unaligned.o [6]
__iar_unaligned___aeabi_memcpy8
                        0x00003901          Code  Gb  ABImemcpy_unaligned.o [6]
__iar_unaligned_memcmp  0x00003dc5          Code  Gb  memcmp_unaligned.o [6]
__iar_unaligned_strcmp  0x000041d1          Code  Gb  strcmp_unaligned.o [6]
__iar_zero_init3        0x00001553    0x22  Code  Gb  zero_init3.o [6]
__low_level_init        0x00004a7b     0x4  Code  Gb  low_level_init.o [3]
__vector_table          0x00000000   0x100  Data  Gb  startup_ewarm.o [1]
_call_main              0x00004a6d          Code  Gb  cmain.o [6]
_exit                   0x00004a85          Code  Gb  cexit.o [6]
_main                   0x00004a77          Code  Gb  cmain.o [6]
avgDist                 0x20005f68     0x8  Data  Gb  main.o [1]
bluetoothInit           0x00003f27    0x16  Code  Gb  UART.o [1]
debounceCount           0x2000603e     0x1  Data  Gb  TimerHandler.o [1]
delay                   0x00002ded     0xe  Code  Gb  common.o [1]
distanceTable           0x000043e4   0x200  Data  Lc  common.o [1]
exit                    0x00004a7f     0x4  Code  Gb  exit.o [3]
g_bSSIEnabled           0x2000603d     0x1  Data  Lc  rit128x96x4.o [1]
g_pucBuffer             0x20005f78     0x8  Data  Lc  rit128x96x4.o [1]
g_pucFont               0x000045e4   0x1e0  Data  Lc  rit128x96x4.o [1]
g_pucRIT128x96x4HorizontalInc
                        0x00003956     0x2  Data  Lc  rit128x96x4.o [1]
g_pucRIT128x96x4Init    0x000048e0    0x50  Data  Lc  rit128x96x4.o [1]
g_pucRIT128x96x4VerticalInc
                        0x000033a2     0x2  Data  Lc  rit128x96x4.o [1]
g_pulDCRegs             0x00001308    0x10  Data  Lc  sysctl.o [4]
g_pulEnRegs             0x0000438c    0x14  Data  Lc  interrupt.o [4]
g_pulRCGCRegs           0x00001318     0xc  Data  Lc  sysctl.o [4]
g_pulRegs               0x000042f0    0x9c  Data  Lc  interrupt.o [4]
g_pulXtals              0x00001324    0x6c  Data  Lc  sysctl.o [4]
getConvertedDistance    0x00002e07    0x54  Code  Gb  common.o [1]
getkey                  0x000043bd    0x1c  Code  Gb  keypad.o [1]
instMutex               0x20000034     0x1  Data  Gb  main.o [1]
instantDist             0x20005f80     0x8  Data  Gb  TimerHandler.o [1]
main                    0x00002e99    0xf6  Code  Gb  main.o [1]
menuHandle              0x20005fb4     0x4  Data  Gb  common.o [1]
motorControl            0x000001b9    0x48  Code  Gb  motor.o [1]
myMutexGive             0x00002e81    0x12  Code  Gb  common.o [1]
myMutexTake             0x00002e71    0x10  Code  Gb  common.o [1]
pcInterruptPriorityRegisters
                        0x00004cd8     0x4  Data  Lc  port.o [1]
prvAddCurrentTaskToDelayedList
                        0x00002b31    0x4e  Code  Lc  tasks.o [1]
prvAllocateTCBAndStack  0x00002b7f    0x4a  Code  Lc  tasks.o [1]
prvCheckForValidListAndQueue
                        0x00003d3f    0x5e  Code  Lc  timers.o [1]
prvCheckTasksWaitingTermination
                        0x00002acb    0x66  Code  Lc  tasks.o [1]
prvCopyDataFromQueue    0x00001afd    0x2a  Code  Lc  queue.o [1]
prvCopyDataToQueue      0x00001a7b    0x82  Code  Lc  queue.o [1]
prvDeleteTCB            0x00002bc9    0x12  Code  Lc  tasks.o [1]
prvGetNextExpireTime    0x00003b49    0x28  Code  Lc  timers.o [1]
prvHeapInit             0x00003769    0x64  Code  Lc  heap_4.o [1]
prvIdleTask             0x00002a15     0x8  Code  Lc  tasks.o [1]
prvInitialiseTCBVariables
                        0x00002a1d    0x56  Code  Lc  tasks.o [1]
prvInitialiseTaskLists  0x00002a73    0x58  Code  Lc  tasks.o [1]
prvInsertBlockIntoFreeList
                        0x000037cd    0x5c  Code  Lc  heap_4.o [1]
prvInsertTimerInActiveList
                        0x00003b99    0x3e  Code  Lc  timers.o [1]
prvIsQueueEmpty         0x00001ba9    0x1c  Code  Lc  queue.o [1]
prvIsQueueFull          0x00001bc5    0x1e  Code  Lc  queue.o [1]
prvNotifyQueueSetContainer
                        0x00001c45    0x58  Code  Lc  queue.o [1]
prvProcessExpiredTimer  0x00003a8b    0x58  Code  Lc  timers.o [1]
prvProcessReceivedCommands
                        0x00003bd7    0xec  Code  Lc  timers.o [1]
prvProcessTimerOrBlockTask
                        0x00003af9    0x50  Code  Lc  timers.o [1]
prvResetNextTaskUnblockTime
                        0x00002bdb    0x2c  Code  Lc  tasks.o [1]
prvSampleTimeNow        0x00003b71    0x28  Code  Lc  timers.o [1]
prvSetupHardware        0x00002f8f    0x28  Code  Lc  main.o [1]
prvSwitchTimerLists     0x00003cc3    0x7c  Code  Lc  timers.o [1]
prvTaskExitError        0x000033c1    0x1a  Code  Lc  port.o [1]
prvTaskIsTaskSuspended  0x00002407    0x36  Code  Lc  tasks.o [1]
prvTimerTask            0x00003ae5    0x14  Code  Lc  timers.o [1]
prvUnlockQueue          0x00001b27    0x82  Code  Lc  queue.o [1]
pulStack                0x20006040   0x1e0  Data  Lc  startup_ewarm.o [1]
pvPortMalloc            0x0000360d    0xf4  Code  Gb  heap_4.o [1]
pvTaskIncrementMutexHeldCount
                        0x00002d7d    0x1e  Code  Gb  tasks.o [1]
pxCurrentTCB            0x20005fe4     0x4  Data  Gb  tasks.o [1]
pxCurrentTimerList      0x20006020     0x4  Data  Lc  timers.o [1]
pxDelayedTaskList       0x20005fe8     0x4  Data  Lc  tasks.o [1]
pxEnd                   0x20005fb8     0x4  Data  Lc  heap_4.o [1]
pxOverflowDelayedTaskList
                        0x20005fec     0x4  Data  Lc  tasks.o [1]
pxOverflowTimerList     0x20006024     0x4  Data  Lc  timers.o [1]
pxPortInitialiseStack   0x000033a5    0x1c  Code  Gb  port.o [1]
pxReadyTasksLists       0x20005df8    0x64  Data  Lc  tasks.o [1]
sumDist                 0x20005f48    0x10  Data  Gb  TimerHandler.o [1]
ucHeap                  0x20000038  0x5dc0  Data  Lc  heap_4.o [1]
ucMaxSysCallPriority    0x2000603c     0x1  Data  Lc  port.o [1]
ulGPIOBase              0x20005fd8     0x4  Data  Gb  rit128x96x4.o [1]
ulGPIOId                0x20005fd4     0x4  Data  Gb  rit128x96x4.o [1]
ulMaxPRIGROUPValue      0x20005fd0     0x4  Data  Lc  port.o [1]
ulOLEDDC_PIN            0x20005fdc     0x4  Data  Gb  rit128x96x4.o [1]
ulOLEDEN_PIN            0x20005fe0     0x4  Data  Gb  rit128x96x4.o [1]
ulPortSetInterruptMask  0x0000388b          Code  Gb  portasm.o [1]
uxCriticalNesting       0x2000002c     0x4  Data  Lc  port.o [1]
uxCurrentNumberOfTasks  0x20005ff8     0x4  Data  Lc  tasks.o [1]
uxListRemove            0x000035e7    0x26  Code  Gb  list.o [1]
uxPendedTicks           0x20006008     0x4  Data  Lc  tasks.o [1]
uxSchedulerSuspended    0x20006018     0x4  Data  Lc  tasks.o [1]
uxTaskNumber            0x20006014     0x4  Data  Lc  tasks.o [1]
uxTasksDeleted          0x20005ff0     0x4  Data  Lc  tasks.o [1]
uxTopReadyPriority      0x20006000     0x4  Data  Lc  tasks.o [1]
vADCTask                0x00003231    0x6e  Code  Lc  main.o [1]
vApplicationStackOverflowHook
                        0x00003389     0x2  Code  Gb  main.o [1]
vApplicationTickHook    0x000032c7    0x4e  Code  Gb  main.o [1]
vAssertCalled           0x0000338b    0x18  Code  Gb  main.o [1]
vKeyTask                0x000032a1    0x26  Code  Lc  main.o [1]
vListInitialise         0x00003575    0x1e  Code  Gb  list.o [1]
vListInitialiseItem     0x00003593     0x6  Code  Gb  list.o [1]
vListInsert             0x000035b1    0x36  Code  Gb  list.o [1]
vListInsertEnd          0x00003599    0x18  Code  Gb  list.o [1]
vMenu                   0x0000043d   0xadc  Code  Gb  motor.o [1]
vPortClearInterruptMask
                        0x00003899          Code  Gb  portasm.o [1]
vPortEnterCritical      0x00003475    0x34  Code  Gb  port.o [1]
vPortExitCritical       0x000034a9    0x2e  Code  Gb  port.o [1]
vPortFree               0x00003701    0x68  Code  Gb  heap_4.o [1]
vPortSVCHandler         0x0000389f          Code  Gb  portasm.o [1]
vPortSetupTimerInterrupt
                        0x000034f7    0x10  Code  Wk  port.o [1]
vPortStartFirstTask     0x000038bf          Code  Gb  portasm.o [1]
vPortValidateInterruptPriority
                        0x00003509    0x40  Code  Gb  port.o [1]
vPortYield              0x00003463    0x12  Code  Gb  port.o [1]
vQueueAddToRegistry     0x00001be3    0x24  Code  Gb  queue.o [1]
vQueueWaitForMessageRestricted
                        0x00001c07    0x3e  Code  Gb  queue.o [1]
vSensorToOLEDTask       0x00002fb9   0x278  Code  Lc  main.o [1]
vTaskDelay              0x000021f9    0x6e  Code  Gb  tasks.o [1]
vTaskDelayUntil         0x00002145    0xb4  Code  Gb  tasks.o [1]
vTaskMissedYield        0x000029fd     0xa  Code  Gb  tasks.o [1]
vTaskPlaceOnEventList   0x000027f5    0x6c  Code  Gb  tasks.o [1]
vTaskPlaceOnEventListRestricted
                        0x00002875    0x5c  Code  Gb  tasks.o [1]
vTaskPriorityInherit    0x00002c31    0xaa  Code  Gb  tasks.o [1]
vTaskPrioritySet        0x00002267    0xd8  Code  Gb  tasks.o [1]
vTaskResume             0x0000243d    0x76  Code  Gb  tasks.o [1]
vTaskSetTimeOutState    0x0000295d    0x26  Code  Gb  tasks.o [1]
vTaskStartScheduler     0x000024b3    0x60  Code  Gb  tasks.o [1]
vTaskSuspend            0x0000233f    0xc8  Code  Gb  tasks.o [1]
vTaskSuspendAll         0x00002513    0x10  Code  Gb  tasks.o [1]
vTaskSwitchContext      0x00002743    0xac  Code  Gb  tasks.o [1]
xActiveTimerList1       0x20005f10    0x14  Data  Lc  timers.o [1]
xActiveTimerList2       0x20005f24    0x14  Data  Lc  timers.o [1]
xAvgDistQ               0x20005fa0     0x4  Data  Gb  common.o [1]
xBlockAllocatedBit      0x20005fc4     0x4  Data  Lc  heap_4.o [1]
xDelayedTaskList1       0x20005eac    0x14  Data  Lc  tasks.o [1]
xDelayedTaskList2       0x20005ec0    0x14  Data  Lc  tasks.o [1]
xFreeBytesRemaining     0x20005fbc     0x4  Data  Lc  heap_4.o [1]
xHeapStructSize         0x00004cb4     0x4  Data  Lc  heap_4.o [1]
xIdleTaskHandle         0x20005ff4     0x4  Data  Lc  tasks.o [1]
xInstDistQ              0x20005f9c     0x4  Data  Gb  common.o [1]
xKeyQueue               0x20005f98     0x4  Data  Gb  common.o [1]
xMinimumEverFreeBytesRemaining
                        0x20005fc0     0x4  Data  Lc  heap_4.o [1]
xNextTaskUnblockTime    0x20000030     0x4  Data  Lc  tasks.o [1]
xNumOfOverflows         0x20006010     0x4  Data  Lc  tasks.o [1]
xOLEDQueue              0x20005f90     0x4  Data  Gb  common.o [1]
xPendingReadyList       0x20005ed4    0x14  Data  Lc  tasks.o [1]
xPortPendSVHandler      0x0000384d          Code  Gb  portasm.o [1]
xPortStartScheduler     0x000033db    0x88  Code  Gb  port.o [1]
xPortSysTickHandler     0x000034d7    0x20  Code  Gb  port.o [1]
xQueueCreateMutex       0x00001659    0x70  Code  Gb  queue.o [1]
xQueueGenericCreate     0x000015f1    0x68  Code  Gb  queue.o [1]
xQueueGenericReceive    0x00001911   0x16a  Code  Gb  queue.o [1]
xQueueGenericReset      0x00001575    0x7c  Code  Gb  queue.o [1]
xQueueGenericSend       0x000016c9   0x170  Code  Gb  queue.o [1]
xQueueGenericSendFromISR
                        0x00001839    0xd8  Code  Gb  queue.o [1]
xQueueRegistry          0x20005e5c    0x50  Data  Gb  queue.o [1]
xSchedulerRunning       0x20006004     0x4  Data  Lc  tasks.o [1]
xStart                  0x20005f60     0x8  Data  Lc  heap_4.o [1]
xSumQueue               0x20005f94     0x4  Data  Gb  common.o [1]
xSuspendedTaskList      0x20005efc    0x14  Data  Lc  tasks.o [1]
xTaskCheckForTimeOut    0x00002983    0x7a  Code  Gb  tasks.o [1]
xTaskGenericCreate      0x00001fe9   0x15c  Code  Gb  tasks.o [1]
xTaskGetSchedulerState  0x00002c07    0x20  Code  Gb  tasks.o [1]
xTaskGetTickCount       0x00002611     0x8  Code  Gb  tasks.o [1]
xTaskIncrementTick      0x00002619   0x12a  Code  Gb  tasks.o [1]
xTaskPriorityDisinherit
                        0x00002cdb    0x98  Code  Gb  tasks.o [1]
xTaskRemoveFromEventList
                        0x000028d5    0x80  Code  Gb  tasks.o [1]
xTaskResumeAll          0x00002523    0xee  Code  Gb  tasks.o [1]
xTasksWaitingTermination
                        0x20005ee8    0x14  Data  Lc  tasks.o [1]
xTickCount              0x20005ffc     0x4  Data  Lc  tasks.o [1]
xTimerCreateTimerTask   0x000039e1    0x4c  Code  Gb  timers.o [1]
xTimerGenericCommand    0x00003a2d    0x5e  Code  Gb  timers.o [1]
xTimerQueue             0x20006028     0x4  Data  Lc  timers.o [1]
xTimerTaskHandle        0x2000602c     0x4  Data  Lc  timers.o [1]
xYieldPending           0x2000600c     0x4  Data  Lc  tasks.o [1]


[1] = C:\StellarisWare\boards\ek-lm3s8962\RoboSlaveSide\FreeRTOS\Demo\CORTEX_LM3Sxxxx_IAR_Keil\Debug\Obj
[2] = command line
[3] = dl7M_tln.a
[4] = driverlib-cm3.a
[5] = grlib.a
[6] = rt7M_tl.a

  17 232 bytes of readonly  code memory
   2 508 bytes of readonly  data memory
  25 117 bytes of readwrite data memory

Errors: none
Warnings: none
